// Jest Snapshot v1, https://goo.gl/fbAQLP

exports[`can go from home 1`] = `
"<div class=\\"\\">
  <div class=\\"logo\\">
    <a href=\\"\\"><span>[</span> {{ logoText }} <span>]</span></a>
  </div>
  <div class=\\"sideleft\\">
    <label class=\\"sidebar-label\\">Navigation</label>
    <div class=\\"menu\\">
      <a href=\\"\\" class=\\"\\">
        <div class=\\"menu-item\\">
          <i class=\\"icon-home-outline menu-item-icon\\"></i><span class=\\"menu-item-label\\">Dashboard</span>
        </div>
      </a>
      <a href=\\"/members\\" class=\\"active\\">
        <div class=\\"menu-item\\">
          <i class=\\"icon-users menu-item-icon\\"></i><span class=\\"menu-item-label\\">Members</span>
        </div>
      </a>
      <a href=\\"/server\\">
        <div class=\\"menu-item\\">
          <i class=\\"icon-server menu-item-icon\\"></i><span class=\\"menu-item-label\\">Server information</span>
        </div>
      </a>
      <!--0-->
    </div>
  </div>
  <div class=\\"header\\">
    <div class=\\"header-left\\">
      <div class=\\"navicon-left\\">
        <a>
          <i class=\\"icon-menu\\"></i>
        </a>
      </div>
    </div>
    <div class=\\"header-right\\">
      <div class=\\"dropdown\\">
        <a class=\\"link-profile\\"><span class=\\"logged-name\\">John Smith</span></a>
        <div class=\\"dropdown-menu \\">
          <ul class=\\"user-profile-nav\\">
            <li>
              <a href=\\"/settings\\">
                <i class=\\"icon-cog\\"></i> Settings
              </a>
            </li>
            <li>
              <a href=\\"#\\">
                <i class=\\"icon-logout\\"></i> Sign Out
              </a>
            </li>
          </ul>
        </div>
      </div>
    </div>
  </div>
  <div class=\\"mainpanel\\">
    <h4 class=\\"page-header\\"> Members
      <!--0-->
    </h4>
    <div class=\\"page-body\\">
      <div class=\\"members-page\\">
        <!--0-->
        <!--0-->
        <div class=\\"container\\">
          <button data-test-toggle-create-form=\\"\\" class=\\"mg-b-30\\">Show create new member form</button>
          <!--1-->
        </div>
        <div class=\\"container\\">
          <div class=\\"members-list\\">
            <div class=\\"panel\\">
              <div class=\\"pagination\\">
                <div class=\\"page-buttons\\">
                  <!--0-->
                  <button data-test-pagination-page=\\"1\\" disabled=\\"\\">1</button>
                  <!--1-->
                </div>
                <!--0-->
                <table>
                  <thead>
                    <tr>
                      <th>ID</th>
                      <th>Name</th>
                      <th>Email</th>
                      <th>Is superuser?</th>
                      <th></th>
                    </tr>
                  </thead>
                  <tbody></tbody>
                </table>
                <!--0-->
                <!--0-->
                <!--0-->
                <!--1-->
                <div class=\\"page-buttons\\">
                  <!--0-->
                  <button data-test-pagination-page=\\"1\\" disabled=\\"\\">1</button>
                  <!--1-->
                </div>
                <!--2-->
              </div>
            </div>
          </div>
          <!--2-->
        </div>
      </div>
      <!--1-->
    </div>
    <!--0-->
    <!--0-->
    <!--0-->
  </div>
</div>
<!--0-->
<!--0-->
<!--0-->
<!--0-->"
`;
