// Jest Snapshot v1, https://goo.gl/fbAQLP

exports[`renders correctly 1`] = `
Object {
  "Options": Object {},
  "html": "<div class=\\"logo\\"><span><span>[</span> {{ logoText }} <span>]</span></span></div>",
}
`;
