// Jest Snapshot v1, https://goo.gl/fbAQLP

exports[`renders correctly 1`] = `
Object {
  "Options": Object {
    "onChange": [Function],
    "query": "",
    "showItems": false,
  },
  "html": "
<div class=\\"autocomplete-input\\">
  <input autocomplete=\\"off\\">
  <!--0-->
</div>
",
}
`;
