// Jest Snapshot v1, https://goo.gl/fbAQLP

exports[`renders correctly 1`] = `
Object {
  "Options": Object {
    "ID": "component",
    "directives": Object {
      "EventListener": [Function],
      "disabled": [Function],
      "onclick": [Function],
      "oninput": [Function],
      "onload": [Function],
      "onresize": [Function],
      "onscroll": [Function],
      "onselect": [Function],
      "onsubmit": [Function],
      "ref": [Function],
    },
    "pageTitle": "Profile settings",
    "sessionData": Object {
      "email": "test@test.com",
      "isAuthenticated": false,
      "isSuperuser": false,
      "name": "Test member",
      "sessionValidated": true,
    },
  },
  "html": "
<h4 class=\\"page-header\\"> Profile settings
  <!--0-->
</h4>
<div class=\\"page-body\\">
  <div class=\\"panel settings\\">
    <h6>Name</h6>
    <p class=\\"mg-b-30\\">Test member<a>
        <i class=\\"icon-pencil\\"></i>
      </a>
      <!--0-->
    </p>
    <!--0-->
    <h6>Email</h6>
    <p class=\\"mg-b-30\\">test@test.com<a>
        <i class=\\"icon-pencil\\"></i>
      </a>
      <!--0-->
    </p>
    <!--1-->
    <h6>Password</h6>
    <p class=\\"mg-b-0\\">******<a>
        <i class=\\"icon-pencil\\"></i>
      </a>
      <!--0-->
    </p>
    <!--2-->
  </div>
  <!--1-->
</div>
<!--0-->
<!--0-->
",
}
`;
