// Jest Snapshot v1, https://goo.gl/fbAQLP

exports[`renders correctly 1`] = `
Object {
  "Options": Object {
    "ID": "component",
  },
  "html": "<ul class=\\"errors-panel\\"></ul>",
}
`;
