// Jest Snapshot v1, https://goo.gl/fbAQLP

exports[`go to page (ssr & rehydrate) 1`] = `
"<nav class=\\"navbar navbar-expand-lg fixed-top\\">
  <div class=\\"container-fluid\\">
    <div class=\\"logo\\">
      <a href=\\"\\">
        <img src=\\"/images/logo-dark.png\\" alt=\\"logo\\">
      </a>
    </div>
    <!--0-->
    <div class=\\"collapse navbar-collapse\\">
      <ul class=\\"navbar-nav ml-auto mr-auto\\">
        <li class=\\"nav-item\\">
          <a href=\\"\\" class=\\"nav-link \\">Home</a>
        </li>
        <li class=\\"nav-item\\">
          <a href=\\"/contact/\\" class=\\"nav-link\\">Contact</a>
        </li>
      </ul>
    </div>
    <div class=\\"navbar-right ml-auto\\">
      <div class=\\"theme-switch-wrapper\\">
        <label for=\\"checkbox\\" class=\\"theme-switch\\">
          <input type=\\"checkbox\\" id=\\"checkbox\\">
          <div class=\\"slider round\\"></div>
        </label>
      </div>
      <!--1-->
      <div class=\\"search-icon\\">
        <i class=\\"icon-search\\"></i>
      </div>
      <button type=\\"button\\" aria-expanded=\\"false\\" aria-label=\\"Toggle navigation\\" class=\\"navbar-toggler\\"><span class=\\"navbar-toggler-icon\\"></span></button>
    </div>
  </div>
</nav>
<!--0-->
<div data-test-page-body=\\"\\">
  <section class=\\"section pt-55\\">
    <div class=\\"container-fluid\\">
      <div class=\\"row\\">
        <div class=\\"categorie-title\\">
          <h3>Tag : <span>Быт</span></h3>
        </div>
      </div>
    </div>
    <!--0-->
    <!--1-->
    <div class=\\"container-fluid\\">
      <div class=\\"row\\">
        <div class=\\"col-lg-4 col-md-6\\">
          <div class=\\"post-card\\">
            <div class=\\"post-card-content\\">
              <a class=\\"categorie\\" href=\\"/category/pervya/1/\\">Первая</a>
              <h5>
                <a href=\\"/pervya-testovaya-statya\\">Первая тестовая статья</a>
              </h5>
              <p>Short content</p>
              <div class=\\"post-card-info\\">
                <ul class=\\"list-inline\\">
                  <li>среда, 25 мая 2022 г., 02:54:20</li>
                </ul>
              </div>
            </div>
          </div>
        </div>
        <!--0-->
        <!--2-->
        <div class=\\"col-lg-12\\">
          <div class=\\"pagination mt--10\\">
            <ul class=\\"list-inline\\">
              <!--0-->
              <li>
                <a data-test-page=\\"1\\" class=\\"\\" href=\\"/tag/byt/1/\\">1</a>
              </li>
              <li class=\\"mr-2\\">...</li>
              <!--1-->
              <!--0-->
              <li>
                <a data-test-page=\\"4\\" class=\\"\\" href=\\"/tag/byt/4/\\">4</a>
              </li>
              <!--1-->
              <!--0-->
              <li>
                <a data-test-page=\\"5\\" class=\\"\\" href=\\"/tag/byt/5/\\">5</a>
              </li>
              <!--1-->
              <!--0-->
              <li>
                <a data-test-page=\\"6\\" class=\\"active\\" href=\\"/tag/byt/6/\\">6</a>
              </li>
              <!--1-->
              <!--0-->
              <li>
                <a data-test-page=\\"7\\" class=\\"\\" href=\\"/tag/byt/7/\\">7</a>
              </li>
              <!--1-->
              <!--0-->
              <li>
                <a data-test-page=\\"8\\" class=\\"\\" href=\\"/tag/byt/8/\\">8</a>
              </li>
              <!--1-->
              <li class=\\"mr-2\\">...</li>
              <!--0-->
              <li>
                <a data-test-page=\\"12\\" class=\\"\\" href=\\"/tag/byt/12/\\">12</a>
              </li>
              <!--1-->
            </ul>
          </div>
        </div>
      </div>
    </div>
  </section>
  <!--0-->
</div>
<!--0-->
<!--0-->
<!--0-->
<!--0-->
<!--1-->
<footer class=\\"footer\\">
  <div class=\\"container-fluid\\">
    <div class=\\"row\\">
      <div class=\\"col-lg-12\\">
        <div class=\\"back\\">
          <a href=\\"#\\" class=\\"back-top\\">
            <i class=\\"icon-up\\"></i>
          </a>
        </div>
      </div>
    </div>
  </div>
</footer>
<!--2-->
<!--3-->
<!--0-->
<!--0-->
<script>
  window.data = {
    \\"0\\": {
      \\"C\\": [\\"1\\"],
      \\"N\\": [11]
    },
    \\"1\\": {
      \\"C\\": [\\"2\\", \\"6\\", \\"7\\"],
      \\"N\\": [1, 7, 9, 10]
    },
    \\"2\\": {
      \\"C\\": [\\"3\\", \\"4\\", \\"5\\"],
      \\"N\\": [0, [0, 0],
        [0, 0, 1],
        [0, 0, 2],
        [0, 0, 3],
        [0, 0, 3, 1],
        [0, 0, 3, 2],
        [0, 0, 3, 2, 0],
        [0, 0, 3, 3],
        [0, 0, 3, 3, 0]
      ]
    },
    \\"3\\": {
      \\"N\\": [0, [0, 0],
        [0, 0, 0]
      ]
    },
    \\"4\\": {
      \\"N\\": [0, [0, 0],
        [0, 0, 0],
        [0, 0, 0, 0],
        [0, 1],
        [0, 1, 0],
        [0, 1, 0, 0]
      ]
    },
    \\"5\\": {
      \\"N\\": [0, [0, 0],
        [0, 0, 0],
        [0, 0, 1]
      ]
    },
    \\"6\\": {
      \\"N\\": [8, [8, 0],
        [8, 0, 0],
        [8, 0, 0, 0],
        [8, 0, 0, 0, 0],
        [8, 0, 0, 0, 0, 0],
        [8, 0, 0, 0, 0, 0, 0]
      ]
    },
    \\"7\\": {
      \\"C\\": [\\"8\\"],
      \\"N\\": [6]
    },
    \\"8\\": {
      \\"C\\": [\\"9\\"]
    },
    \\"9\\": {
      \\"O\\": {
        \\"tag\\": \\"Быт\\"
      },
      \\"C\\": [\\"10\\"],
      \\"N\\": [5]
    },
    \\"10\\": {
      \\"O\\": {
        \\"dataLoaded\\": true,
        \\"errors\\": [],
        \\"page\\": 5,
        \\"total\\": 100,
        \\"articles\\": [{}]
      },
      \\"C\\": [\\"11\\"],
      \\"N\\": [4]
    },
    \\"11\\": {
      \\"C\\": [\\"14\\"],
      \\"N\\": [3]
    },
    \\"14\\": {
      \\"C\\": [\\"15\\"],
      \\"N\\": [2, [2, 1]]
    },
    \\"15\\": {
      \\"C\\": [\\"16\\", \\"17\\", \\"18\\"],
      \\"N\\": [0, [0, 3],
        [0, 4],
        [0, 5],
        [0, 5, 0],
        [0, 5, 0, 2],
        [0, 5, 0, 3]
      ]
    },
    \\"16\\": {
      \\"N\\": [0, 1, [1, 0],
        [1, 0, 0],
        [1, 0, 0, 0],
        [1, 0, 0, 0, 0],
        [1, 0, 0, 0, 1],
        [1, 0, 0, 0, 1, 0], 2
      ]
    },
    \\"17\\": {
      \\"C\\": [\\"28\\"],
      \\"N\\": [1]
    },
    \\"18\\": {
      \\"C\\": [\\"19\\", \\"20\\", \\"21\\", \\"22\\", \\"23\\", \\"24\\", \\"25\\"],
      \\"N\\": [0, [0, 0]]
    },
    \\"19\\": {
      \\"C\\": [\\"26\\"],
      \\"N\\": [0, 1, [1, 0],
        [1, 0, 0], 3
      ]
    },
    \\"20\\": {
      \\"N\\": [4, 5, [5, 0],
        [5, 0, 0], 6
      ]
    },
    \\"21\\": {
      \\"N\\": [7, 8, [8, 0],
        [8, 0, 0], 9
      ]
    },
    \\"22\\": {
      \\"N\\": [10, 11, [11, 0],
        [11, 0, 0], 12
      ]
    },
    \\"23\\": {
      \\"N\\": [13, 14, [14, 0],
        [14, 0, 0], 15
      ]
    },
    \\"24\\": {
      \\"N\\": [16, 17, [17, 0],
        [17, 0, 0], 18
      ]
    },
    \\"25\\": {
      \\"C\\": [\\"27\\"],
      \\"N\\": [20, 21, [21, 0],
        [21, 0, 0], 22
      ]
    },
    \\"26\\": {
      \\"N\\": [2, [2, 0]]
    },
    \\"27\\": {
      \\"N\\": [19, [19, 0]]
    },
    \\"28\\": {
      \\"N\\": [0, [0, 0],
        [0, 0, 0],
        [0, 0, 0, 0],
        [0, 0, 0, 0, 0],
        [0, 0, 0, 1],
        [0, 0, 0, 1, 0],
        [0, 0, 0, 1, 0, 0],
        [0, 0, 0, 2],
        [0, 0, 0, 2, 0],
        [0, 0, 0, 3],
        [0, 0, 0, 3, 0],
        [0, 0, 0, 3, 0, 0],
        [0, 0, 0, 3, 0, 0, 0]
      ]
    },
    \\"app\\": {
      \\"C\\": [\\"0\\"],
      \\"N\\": [12]
    }
  };
</script>
<script src=\\"/s.min.js\\"></script>
<script>
  System.import('/bundle.js');
</script>"
`;

exports[`go to page 1`] = `
"<nav class=\\"navbar navbar-expand-lg fixed-top\\">
  <div class=\\"container-fluid\\">
    <div class=\\"logo\\">
      <a href=\\"\\">
        <img src=\\"/images/logo-dark.png\\" alt=\\"logo\\">
      </a>
    </div>
    <!--0-->
    <div class=\\"collapse navbar-collapse\\">
      <ul class=\\"navbar-nav ml-auto mr-auto\\">
        <li class=\\"nav-item\\">
          <a class=\\"nav-link \\" href=\\"\\">Home</a>
        </li>
        <li class=\\"nav-item\\">
          <a class=\\"nav-link\\" href=\\"/contact/\\">Contact</a>
        </li>
      </ul>
    </div>
    <div class=\\"navbar-right ml-auto\\">
      <div class=\\"theme-switch-wrapper\\">
        <label class=\\"theme-switch\\" for=\\"checkbox\\">
          <input type=\\"checkbox\\" id=\\"checkbox\\">
          <div class=\\"slider round\\"></div>
        </label>
      </div>
      <!--1-->
      <div class=\\"search-icon\\">
        <i class=\\"icon-search\\"></i>
      </div>
      <button class=\\"navbar-toggler\\" type=\\"button\\" aria-expanded=\\"false\\" aria-label=\\"Toggle navigation\\"><span class=\\"navbar-toggler-icon\\"></span></button>
    </div>
  </div>
</nav>
<!--0-->
<div data-test-page-body=\\"\\">
  <section class=\\"section pt-55\\">
    <div class=\\"container-fluid\\">
      <div class=\\"row\\">
        <div class=\\"categorie-title\\">
          <h3>Tag : <span>Быт</span></h3>
        </div>
      </div>
    </div>
    <!--0-->
    <!--1-->
    <div class=\\"container-fluid\\">
      <div class=\\"row\\">
        <div class=\\"col-lg-4 col-md-6\\">
          <div class=\\"post-card\\">
            <div class=\\"post-card-content\\">
              <a class=\\"categorie\\" href=\\"/category/pervya/1/\\">Первая</a>
              <h5>
                <a href=\\"/pervya-testovaya-statya\\">Первая тестовая статья</a>
              </h5>
              <p>Short content</p>
              <div class=\\"post-card-info\\">
                <ul class=\\"list-inline\\">
                  <li>среда, 25 мая 2022 г., 02:54:20</li>
                </ul>
              </div>
            </div>
          </div>
        </div>
        <!--0-->
        <!--2-->
        <div class=\\"col-lg-12\\">
          <div class=\\"pagination mt--10\\">
            <ul class=\\"list-inline\\">
              <!--0-->
              <li>
                <a data-test-page=\\"1\\" class=\\"\\" href=\\"/tag/byt/1/\\">1</a>
              </li>
              <li class=\\"mr-2\\">...</li>
              <!--1-->
              <!--0-->
              <li>
                <a data-test-page=\\"4\\" class=\\"\\" href=\\"/tag/byt/4/\\">4</a>
              </li>
              <!--1-->
              <!--0-->
              <li>
                <a data-test-page=\\"5\\" class=\\"\\" href=\\"/tag/byt/5/\\">5</a>
              </li>
              <!--1-->
              <!--0-->
              <li>
                <a data-test-page=\\"6\\" class=\\"active\\" href=\\"/tag/byt/6/\\">6</a>
              </li>
              <!--1-->
              <!--0-->
              <li>
                <a data-test-page=\\"7\\" class=\\"\\" href=\\"/tag/byt/7/\\">7</a>
              </li>
              <!--1-->
              <!--0-->
              <li>
                <a data-test-page=\\"8\\" class=\\"\\" href=\\"/tag/byt/8/\\">8</a>
              </li>
              <!--1-->
              <li class=\\"mr-2\\">...</li>
              <!--0-->
              <li>
                <a data-test-page=\\"12\\" class=\\"\\" href=\\"/tag/byt/12/\\">12</a>
              </li>
              <!--1-->
            </ul>
          </div>
        </div>
      </div>
    </div>
  </section>
  <!--0-->
</div>
<!--0-->
<!--0-->
<!--0-->
<!--0-->
<!--1-->
<footer class=\\"footer\\">
  <div class=\\"container-fluid\\">
    <div class=\\"row\\">
      <div class=\\"col-lg-12\\">
        <div class=\\"back\\">
          <a href=\\"#\\" class=\\"back-top\\">
            <i class=\\"icon-up\\"></i>
          </a>
        </div>
      </div>
    </div>
  </div>
</footer>
<!--2-->
<!--3-->
<!--0-->
<!--0-->"
`;
