// Jest Snapshot v1, https://goo.gl/fbAQLP

exports[`can go from home 1`] = `
"<div class=\\"\\">
  <div class=\\"logo\\">
    <a href=\\"\\"><span>[</span> {{ logoText }} <span>]</span></a>
  </div>
  <div class=\\"sideleft\\">
    <label class=\\"sidebar-label\\">Navigation</label>
    <div class=\\"menu\\">
      <a href=\\"\\" class=\\"\\">
        <div class=\\"menu-item\\">
          <i class=\\"icon-home-outline menu-item-icon\\"></i><span class=\\"menu-item-label\\">Dashboard</span>
        </div>
      </a>
      <a href=\\"/articles\\" class=\\"active\\">
        <div class=\\"menu-item\\">
          <i class=\\"icon-docs menu-item-icon\\"></i><span class=\\"menu-item-label\\">Articles</span>
        </div>
      </a>
      <a href=\\"/articles/categories\\">
        <div class=\\"menu-item\\">
          <i class=\\"icon-flow-split menu-item-icon\\"></i><span class=\\"menu-item-label\\">Categories</span>
        </div>
      </a>
      <a href=\\"/articles/tags\\">
        <div class=\\"menu-item\\">
          <i class=\\"icon-tags menu-item-icon\\"></i><span class=\\"menu-item-label\\">Tags</span>
        </div>
      </a>
      <!--0-->
    </div>
  </div>
  <div class=\\"header\\">
    <div class=\\"header-left\\">
      <div class=\\"navicon-left\\">
        <a>
          <i class=\\"icon-menu\\"></i>
        </a>
      </div>
    </div>
    <div class=\\"header-right\\">
      <div class=\\"dropdown\\">
        <a class=\\"link-profile\\"><span class=\\"logged-name\\">John Smith</span></a>
        <div class=\\"dropdown-menu \\">
          <ul class=\\"user-profile-nav\\">
            <li>
              <a href=\\"/settings\\">
                <i class=\\"icon-cog\\"></i> Settings
              </a>
            </li>
            <li>
              <a href=\\"#\\">
                <i class=\\"icon-logout\\"></i> Sign Out
              </a>
            </li>
          </ul>
        </div>
      </div>
    </div>
  </div>
  <div class=\\"mainpanel\\">
    <h4 class=\\"page-header\\"> Articles
      <!--0-->
    </h4>
    <div class=\\"page-body\\">
      <div class=\\"articles-page\\">
        <!--0-->
        <!--0-->
        <div class=\\"container mg-b-30\\">
          <a data-test-toggle-create-form=\\"\\" class=\\"btn\\" href=\\"/articles/new\\"> Create new article </a>
        </div>
        <div class=\\"container\\">
          <div class=\\"article-list\\">
            <div class=\\"panel\\">
              <div class=\\"pagination\\">
                <div class=\\"page-buttons\\">
                  <!--0-->
                  <button data-test-pagination-page=\\"1\\" disabled=\\"\\">1</button>
                  <!--1-->
                </div>
                <!--0-->
                <table class=\\"list-table\\">
                  <thead>
                    <tr>
                      <th>ID</th>
                      <th>Title</th>
                      <th>Slug</th>
                      <th>Category</th>
                      <th>Published at</th>
                      <th></th>
                    </tr>
                  </thead>
                  <tbody>
                    <tr>
                      <td class=\\"text-center\\">10</td>
                      <td>Тест2</td>
                      <td>test2</td>
                      <td>Кухня</td>
                      <td>понедельник, 25 апреля 2022 г., 19:34:23</td>
                      <td class=\\"actions\\">
                        <a class=\\"btn\\" href=\\"/articles/10/edit\\" data-test-update-button=\\"10\\"> Edit </a>
                        <button class=\\"btn-danger\\" data-test-delete-button=\\"10\\"> Delete </button>
                      </td>
                    </tr>
                    <!--0-->
                  </tbody>
                </table>
                <!--1-->
                <!--0-->
                <!--0-->
                <!--1-->
                <div class=\\"page-buttons\\">
                  <!--0-->
                  <button data-test-pagination-page=\\"1\\" disabled=\\"\\">1</button>
                  <!--1-->
                </div>
                <!--2-->
              </div>
            </div>
          </div>
        </div>
      </div>
      <!--1-->
    </div>
    <!--0-->
    <!--0-->
    <!--0-->
  </div>
</div>
<!--0-->
<!--0-->
<!--0-->
<!--0-->"
`;
