// Jest Snapshot v1, https://goo.gl/fbAQLP

exports[`renders correctly 1`] = `
Object {
  "Options": Object {
    "createFormVisible": false,
    "dataLoaded": false,
    "errors": Array [],
    "items": Array [],
    "loadItems": [Function],
    "pageTitle": "",
    "selectedItem": null,
    "typeName": "",
  },
  "html": "
<!--0-->
<!--0-->
<!--0-->
<!--0-->
",
}
`;
