// Jest Snapshot v1, https://goo.gl/fbAQLP

exports[`renders correctly 1`] = `
Object {
  "Options": Object {
    "deleteModalVisible": false,
    "member": null,
    "members": Array [],
    "onSelectMember": [Function],
    "refresh": [Function],
    "showErrors": [Function],
  },
  "html": "
<table>
  <thead>
    <tr>
      <th>ID</th>
      <th>Name</th>
      <th>Email</th>
      <th>Is superuser?</th>
      <th></th>
    </tr>
  </thead>
  <tbody></tbody>
</table>
<!--0-->
",
}
`;
